dataset frac rep method close_enough convergence
even 1 1 mcc 5 10
even 1 2 mcc 5 10
even 1 3 mcc 5 10
even 1 4 mcc 5 10
even 1 5 mcc 5 8
even 1 6 mcc 5 10
even 1 7 mcc 5 8
even 1 8 mcc 5 8
even 1 9 mcc 5 10
even 1 10 mcc 5 10
even 1 1 mcc_agg 8 11
even 1 2 mcc_agg 8 11
even 1 3 mcc_agg 8 11
even 1 4 mcc_agg 8 11
even 1 5 mcc_agg 8 11
even 1 6 mcc_agg 6 8
even 1 7 mcc_agg 7 10
even 1 8 mcc_agg 7 10
even 1 9 mcc_agg 7 10
even 1 10 mcc_agg 7 10
human 1 1 mcc 3 13
human 1 2 mcc 2 13
human 1 3 mcc 2 10
human 1 4 mcc 3 12
human 1 5 mcc 2 10
human 1 6 mcc 2 12
human 1 7 mcc 2 11
human 1 8 mcc 2 12
human 1 9 mcc 3 11
human 1 10 mcc 2 11
human 1 1 mcc_agg 7 15
human 1 2 mcc_agg 7 15
human 1 3 mcc_agg 7 16
human 1 4 mcc_agg 7 16
human 1 5 mcc_agg 7 15
human 1 6 mcc_agg 9 18
human 1 7 mcc_agg 9 18
human 1 8 mcc_agg 7 16
human 1 9 mcc_agg 7 15
human 1 10 mcc_agg 7 15
marine 1 1 mcc 3 12
marine 1 2 mcc 3 12
marine 1 3 mcc 3 11
marine 1 4 mcc 3 13
marine 1 5 mcc 3 14
marine 1 6 mcc 4 11
marine 1 7 mcc 3 10
marine 1 8 mcc 3 11
marine 1 9 mcc 3 13
marine 1 10 mcc 3 15
marine 1 1 mcc_agg 9 16
marine 1 2 mcc_agg 8 18
marine 1 3 mcc_agg 8 18
marine 1 4 mcc_agg 9 17
marine 1 5 mcc_agg 9 17
marine 1 6 mcc_agg 9 17
marine 1 7 mcc_agg 10 19
marine 1 8 mcc_agg 11 21
marine 1 9 mcc_agg 9 18
marine 1 10 mcc_agg 9 19
mice 1 1 mcc 3 9
mice 1 2 mcc 3 14
mice 1 3 mcc 3 11
mice 1 4 mcc 3 8
mice 1 5 mcc 3 11
mice 1 6 mcc 3 10
mice 1 7 mcc 3 7
mice 1 8 mcc 3 9
mice 1 9 mcc 2 9
mice 1 10 mcc 2 7
mice 1 1 mcc_agg 9 16
mice 1 2 mcc_agg 8 17
mice 1 3 mcc_agg 8 17
mice 1 4 mcc_agg 8 17
mice 1 5 mcc_agg 8 17
mice 1 6 mcc_agg 8 17
mice 1 7 mcc_agg 9 20
mice 1 8 mcc_agg 9 13
mice 1 9 mcc_agg 9 13
mice 1 10 mcc_agg 9 18
soil 1 1 mcc 4 12
soil 1 2 mcc 5 12
soil 1 3 mcc 6 15
soil 1 4 mcc 5 16
soil 1 5 mcc 4 14
soil 1 6 mcc 4 15
soil 1 7 mcc 5 14
soil 1 8 mcc 6 16
soil 1 9 mcc 5 14
soil 1 10 mcc 5 12
soil 1 1 mcc_agg 8 19
soil 1 2 mcc_agg 8 20
soil 1 3 mcc_agg 7 19
soil 1 4 mcc_agg 9 20
soil 1 5 mcc_agg 7 19
soil 1 6 mcc_agg 8 20
soil 1 7 mcc_agg 8 20
soil 1 8 mcc_agg 8 18
soil 1 9 mcc_agg 8 18
soil 1 10 mcc_agg 8 18
staggered 1 1 mcc 4 6
staggered 1 2 mcc 5 6
staggered 1 3 mcc 4 6
staggered 1 4 mcc 8 11
staggered 1 5 mcc 4 6
staggered 1 6 mcc 4 5
staggered 1 7 mcc 4 5
staggered 1 8 mcc 5 7
staggered 1 9 mcc 5 6
staggered 1 10 mcc 4 8
staggered 1 1 mcc_agg 8 10
staggered 1 2 mcc_agg 8 10
staggered 1 3 mcc_agg 7 9
staggered 1 4 mcc_agg 7 9
staggered 1 5 mcc_agg 7 9
staggered 1 6 mcc_agg 7 9
staggered 1 7 mcc_agg 7 9
staggered 1 8 mcc_agg 7 9
staggered 1 9 mcc_agg 7 9
staggered 1 10 mcc_agg 7 9
